C51 COMPILER V9.55   LCD1602                                                               05/08/2019 21:43:56 PAGE 1   


C51 COMPILER V9.55, COMPILATION OF MODULE LCD1602
OBJECT MODULE PLACED IN .\Objects\Lcd1602.obj
COMPILER INVOKED BY: C:\Keil_v5\C51\BIN\C51.EXE Code\Lcd1602.c OPTIMIZE(8,SPEED) BROWSE INCDIR(.\Code) DEBUG OBJECTEXTEN
                    -D PRINT(.\Listings\Lcd1602.lst) TABS(2) OBJECT(.\Objects\Lcd1602.obj)

line level    source

   1          #include<reg51.h>
   2          #include<Lcd1602.h>
   3          
   4          /*
   5          初始化函数
   6          */
   7          void lcdInitial()
   8          {
   9   1        
  10   1        lcdWriteCommon(0x38);//设置8位格式，两行
  11   1        lcdWriteCommon(0x0c);//整体显示，关光标.不闪烁
  12   1        lcdWriteCommon(0x06);//设定输入方式，增量不移位
  13   1        lcdWriteCommon(0x01);//清除屏幕显示
  14   1        lcdWriteCommon(0x80);  //设置起点
  15   1        delay40us(200);//等待清屏完成
  16   1        
  17   1      }
  18          
  19          //向芯片中写入数据
  20          //上升沿触发数据进入
  21          void lcdWriteCommon(unsigned char common)
  22          {
  23   1        
  24   1        lcdE=0;  //使能
  25   1        lcdRS=0;  //写入数据
  26   1        lcdRW=0;  //写入命令
  27   1        
  28   1        INTERFACE=common;  //传输数据
  29   1        delay40us(50);
  30   1        
  31   1        lcdE=1;   //上升沿触发
  32   1        delay40us(5);
  33   1        lcdE=0;//重新使能
  34   1      
  35   1      
  36   1      
  37   1      }
  38          
  39          //写入数据
  40          void lcdWriteData(unsigned char dat)
  41          {
*** WARNING C235 IN LINE 41 OF Code\Lcd1602.c: parameter 1: different types
  42   1        lcdE=0; //使能
  43   1        lcdRS=1; //选择数据
  44   1        lcdRW=0; //选择写入
  45   1        
  46   1        INTERFACE=dat;  //传输数据
  47   1        delay40us(50);  //等待数据稳定
  48   1        
  49   1        lcdE=1;
  50   1        delay40us(5);
  51   1        lcdE=0;  //重新使能
  52   1        
  53   1      }
C51 COMPILER V9.55   LCD1602                                                               05/08/2019 21:43:56 PAGE 2   

  54          
  55          //显示相关字符
  56          void display(unsigned char dat[11])
  57          {
  58   1        unsigned char address=0;
  59   1        unsigned char i=0;
  60   1        unsigned char str1[]="arc:";
  61   1        unsigned char str2[]="dir:";
  62   1        unsigned char str3[]="v:";
  63   1        
  64   1          address+=0x80;//第1行的起始地址加上了相关控制位
  65   1        //显示弧度
  66   1          lcdWriteCommon(address);
  67   1          for(i=0;i<4;i++)
  68   1            {
  69   2              lcdWriteData(str1[i]);
  70   2            }
  71   1          for(i=0;i<5;i++)
  72   1            {
  73   2              lcdWriteData(dat[4-i]);
  74   2            }
  75   1            
  76   1            //显示方向
  77   1          lcdWriteCommon(address+11);   
  78   1          for(i=0;i<4;i++)
  79   1            {
  80   2              lcdWriteData(str2[i]);
  81   2            }
  82   1            lcdWriteData(dat[5]);
  83   1            
  84   1          address=0x00;
  85   1          address+=0xc0;//第2行的起始地址加上了相关控制位
  86   1            //显示角速度
  87   1          lcdWriteCommon(address);
  88   1          for(i=0;i<2;i++)
  89   1            {
  90   2              lcdWriteData(str3[i]);
  91   2            }
  92   1            for(i=0;i<5;i++)
  93   1            {
  94   2              lcdWriteData(dat[10-i]);
  95   2            }
  96   1      }
  97          //延时函数
  98          void delay40us(unsigned char time)
  99          {
 100   1        unsigned char i,j;
 101   1        for(i=time ;i>0;i--)
 102   1          for(j=0;j<2;j++);
 103   1                  
 104   1      }
 105          
 106          //数据处理函数
 107          void processData(double arc,bit direction,double speed,unsigned char dat[11])
 108          {
 109   1        unsigned int temp=0;
 110   1        unsigned int i;
 111   1        
 112   1        //处理弧度
 113   1        temp=arc*100;
 114   1        for(i=0;i<5;i++)
 115   1        {
C51 COMPILER V9.55   LCD1602                                                               05/08/2019 21:43:56 PAGE 3   

 116   2          if(i==2)
 117   2          {
 118   3            dat[i]='.';
 119   3            continue;
 120   3          }
 121   2          dat[i]=temp%10+'0';
 122   2          temp=temp/10;
 123   2        }
 124   1        
 125   1        //处理方向
 126   1        if(direction==1)
 127   1          dat[i++]='S';
 128   1        else
 129   1          dat[i++]='N';
 130   1        
 131   1        //处理速度
 132   1        temp=0;
 133   1        temp=speed*100;
 134   1        for(;i<11;i++)
 135   1        {
 136   2          if(i==8)
 137   2          {
 138   3            dat[i]='.';
 139   3            continue;
 140   3          }
 141   2          dat[i]=temp%10+'0';
 142   2          temp=temp/10;
 143   2        }
 144   1      }


MODULE INFORMATION:   STATIC OVERLAYABLE
   CODE SIZE        =    620    ----
   CONSTANT SIZE    =     13    ----
   XDATA SIZE       =   ----    ----
   PDATA SIZE       =   ----    ----
   DATA SIZE        =   ----      33
   IDATA SIZE       =   ----    ----
   BIT SIZE         =   ----       1
END OF MODULE INFORMATION.


C51 COMPILATION COMPLETE.  1 WARNING(S),  0 ERROR(S)
